# output generated by /ifs/devel/andreas/cgat-py3/scripts/diff_fasta.py --output-section=missed --output-section=seqdiff /ifs/devel/andreas/cgat-py3/tests/diff_fasta.py/a.fasta.gz /ifs/devel/andreas/cgat-py3/tests/diff_fasta.py/b.fasta.gz
# job started at Mon Jul 18 17:09:43 2016 on cgath1.anat.ox.ac.uk -- 934e68cb-2311-4eaa-ae18-d791cf9e0cdb
# pid: 137498, system: Linux 2.6.32-642.1.1.el6.x86_64 #1 SMP Fri May 6 14:54:05 EDT 2016 x86_64
# correct_shift                           : False
# loglevel                                : 1
# output                                  : ['missed', 'seqdiff']
# pattern1                                : (\S+)
# pattern2                                : (\S+)
# random_seed                             : None
# short_help                              : None
# stderr                                  : <_io.TextIOWrapper name='<stderr>' mode='w' encoding='ANSI_X3.4-1968'>
# stdin                                   : <_io.TextIOWrapper name='<stdin>' mode='r' encoding='ANSI_X3.4-1968'>
# stdlog                                  : <_io.TextIOWrapper name='<stdout>' mode='w' encoding='ANSI_X3.4-1968'>
# stdout                                  : <_io.TextIOWrapper name='<stdout>' mode='w' encoding='ANSI_X3.4-1968'>
# timeit_file                             : None
# timeit_header                           : None
# timeit_name                             : all
---- ENSACAP00000005213 ---- first
< ?EEEEDESNNSYLYQPLNQDPDQGPAAVEETAPSTEPALDINERLQAMRLHLPDPPVDSDEEEGSAAQSSHSSIPMDPEHVELVKRTMAGIKLPTLAIPAWANEISDDQWQDMVQRTLQARQSGSKPEWK
> XEEEEDESNNSYLYQPLNQDPDQGPAAVEETAPSTEPALDINERLQAMRLHLPDPPVDSDEEEGSAAQSSHSSIPMDPEHVELVKRTMAGIKLPTLAIPAWANEISDDQWQDMVQRTLQARQSGSKPEWK
---- ENSACAP00000018122 ---- prefix
< LIRSSSMFHIMKHGHYISRFGSKPGLKCIGMHENGIIFNNNPALWKEIRPFFTKALSGPGLVRMIAICVESTIEHMDKLEEVTTKCGYVNSLNLMRRVMLDTSNRLFLGIPLDEDAIVLKIQNYFDAWQALLLKPDIFFKFSWLYKKYEKSANDLKEAIEDLIEQKRQKLSTIDKLEDHMDFASQLIFAQSRGELTAENVNQCVLEMLIAAPDTLSVTLFFILVR
> LIRSSSMFHIMKHGHYISRFGSKPGLKCIGMHENGIIFNNNPALWKEIRPFFTKALSGPGLVRMIAICVESTIEHMDKLEEVTTKCGYVNSLNLMRRVMLDTSNRLFLGIPLDEDAIVLKIQNYFDAWQALLLKPDIFFKFSWLYKKYEKSANDLKEAIEDLIEQKRQKLSTIDKLEDHMDFASQLIFAQSRGELTAENVNQCVLEMLIAAPDTLSVTLFFILVRXXXXXXXXXTSDLSSLILEGDRDIQSEDMPKLKVVENFILESMRYQPVVDLVMRKALQDDVIDGYPVKKGTNIILNIGRMHRLEFFPKPNEFSLENFEKSVPYRYFQPFGFGPRGCVGKFIAMVMMKAILVTLLRRCRIQTEKGEGLNDIPKNNDLSLHPNERQPLLEMLFTPRS
---- ENSACAP00000003476 ---- missed2
---- ENSACAP00000005631 ---- missed2
# Legend:
# seqs1:          number of sequences in set 1
# seqs2:          number of sequences in set 2
# same:           number of identical sequences
# diff:           number of sequences with differences
# nmissed1:       sequences in set 1 that are not found in set 2
# nmissed2:       sequences in set 2 that are not found in set 1
# Type of sequence differences
# first:          only the first residue is different
# last:           only the last residue is different
# prefix:         one sequence is prefix of the other
# selenocysteine: difference due to selenocysteines
# masked:         difference due to masked residues
# fixed:          fixed differences
# other:          other differences
## 2016-07-18 17:09:43,868 INFO seqs1=3, seqs2=5, same=1, ndiff=2, nmissed1=0, nmissed2=2
## 2016-07-18 17:09:43,868 INFO ndiff=2: first=1, last=0, prefix=1, selenocysteine=0, masked=0, fixed=0, other=0
# job finished in 0 seconds at Mon Jul 18 17:09:43 2016 --  0.11  0.03  0.00  0.00 -- 934e68cb-2311-4eaa-ae18-d791cf9e0cdb
